---
title: 7、Linux磁盘设备识别
---
## 📚 目录

1. [Linux设备命名规则](#1-Linux设备命名规则)
2. [lsblk命令查看磁盘信息](#2-lsblk命令查看磁盘信息)
3. [fdisk命令磁盘列表查看](#3-fdisk命令磁盘列表查看)
4. [磁盘UUID与LABEL标识](#4-磁盘UUID与LABEL标识)
5. [dmesg查看磁盘检测信息](#5-dmesg查看磁盘检测信息)
6. [smartctl磁盘健康状态检查](#6-smartctl磁盘健康状态检查)
7. [磁盘接口类型识别方法](#7-磁盘接口类型识别方法)
8. [核心要点总结](#8-核心要点总结)

---

## 1. 🏷️ Linux设备命名规则


### 1.1 什么是Linux设备命名规则


Linux系统把所有硬件设备都当作文件来处理，每个设备都有一个对应的文件路径。这就像给每个设备起了个"身份证号码"，让系统能准确识别和操作它们。

**核心概念**：
- **设备文件**：硬件设备在Linux中的文件表示
- **设备路径**：通常位于 `/dev/` 目录下
- **命名规律**：不同类型设备有固定的命名模式

### 1.2 传统磁盘设备命名（SCSI/SATA）


**基本格式**：`/dev/sdX[数字]`

```
设备命名示例：
/dev/sda     ← 第一个磁盘（整个磁盘）
/dev/sda1    ← 第一个磁盘的第一个分区
/dev/sda2    ← 第一个磁盘的第二个分区

/dev/sdb     ← 第二个磁盘
/dev/sdb1    ← 第二个磁盘的第一个分区

磁盘命名顺序：
sda → sdb → sdc → sdd → ... → sdz
```

**含义解释**：
- **sd**：SCSI Disk的缩写，现在SATA磁盘也用这个命名
- **字母**：a、b、c... 表示磁盘顺序（按检测顺序）
- **数字**：1、2、3... 表示该磁盘上的分区编号

> 💡 **为什么SATA磁盘也叫sd？**  
> 现代Linux系统通过libata驱动统一管理SATA和SCSI磁盘，所以都使用sd命名规则。

### 1.3 NVMe固态硬盘命名


**基本格式**：`/dev/nvmeXnY[pZ]`

```
NVMe设备命名示例：
/dev/nvme0n1     ← 第一个NVMe控制器的第一个命名空间
/dev/nvme0n1p1   ← 第一个分区
/dev/nvme0n1p2   ← 第二个分区

/dev/nvme1n1     ← 第二个NVMe控制器
/dev/nvme1n1p1   ← 第二个控制器的第一个分区

命名结构解析：
nvme0    ← 第一个NVMe控制器（0、1、2...）
n1       ← 第一个命名空间（n1、n2、n3...）
p1       ← 第一个分区（p1、p2、p3...）
```

**含义解释**：
- **nvme**：Non-Volatile Memory Express协议标识
- **数字**：控制器编号（从0开始）
- **n+数字**：命名空间编号（namespace，从1开始）
- **p+数字**：分区编号（partition，从1开始）

### 1.4 其他常见设备命名


| 设备类型 | 命名规则 | 示例 | 说明 |
|---------|---------|------|------|
| **机械硬盘** | `/dev/hdX` | `/dev/hda1` | 老式IDE接口（现在很少见） |
| **U盘/移动硬盘** | `/dev/sdX` | `/dev/sdc1` | 按SCSI命名规则 |
| **虚拟磁盘** | `/dev/vdX` | `/dev/vda1` | 虚拟化环境（如KVM） |
| **Loop设备** | `/dev/loopX` | `/dev/loop0` | 回环设备，用于挂载文件 |

### 1.5 设备命名的动态性


> ⚠️ **重要提醒**：设备名称可能会变化！

```
可能导致设备名变化的情况：
1. 添加新硬盘后，原有磁盘名可能改变
2. 系统重启后检测顺序改变
3. 硬件故障后设备顺序重新排列

解决方案：
✅ 使用UUID（设备唯一标识符）
✅ 使用磁盘标签（LABEL）
✅ 这些标识符不会因为硬件变化而改变
```

---

## 2. 📋 lsblk命令查看磁盘信息


### 2.1 lsblk命令是什么


`lsblk`是"**l**i**s**t **bl**oc**k** devices"的缩写，用来列出系统中所有块设备（主要是磁盘和分区）的信息。这就像给你一张"磁盘家族树"，清楚显示每个磁盘和它的分区关系。

**核心功能**：
- 以树状结构显示磁盘和分区
- 显示设备大小、挂载点等信息
- 不需要root权限就能使用

### 2.2 基本使用方法


**最简单的用法**：

```bash
lsblk
```

**典型输出示例**：
```
NAME   MAJ:MIN RM  SIZE RO TYPE MOUNTPOINT
sda      8:0    0  500G  0 disk 
├─sda1   8:1    0  200M  0 part /boot/efi
├─sda2   8:2    0    1G  0 part /boot
└─sda3   8:3    0  499G  0 part /
nvme0n1  259:0  0  1T   0 disk 
└─nvme0n1p1 259:1 0  1T  0 part /home
sr0     11:0    1 1024M  0 rom  
```

### 2.3 输出字段含义详解


| 字段 | 含义 | 示例值 | 说明 |
|------|------|--------|------|
| **NAME** | 设备名称 | `sda1` | 设备在/dev/下的名称 |
| **MAJ:MIN** | 主:次设备号 | `8:1` | 内核识别设备的编号 |
| **RM** | 是否可移动 | `0`/`1` | 0=固定设备，1=可移动设备 |
| **SIZE** | 设备大小 | `500G` | 磁盘或分区的容量 |
| **RO** | 是否只读 | `0`/`1` | 0=读写，1=只读 |
| **TYPE** | 设备类型 | `disk`/`part` | disk=磁盘，part=分区 |
| **MOUNTPOINT** | 挂载点 | `/home` | 分区挂载到的目录路径 |

### 2.4 常用选项参数


**显示文件系统信息**：
```bash
lsblk -f
```
输出示例：
```
NAME   FSTYPE LABEL UUID                                 MOUNTPOINT
sda                                                      
├─sda1 vfat         1234-ABCD                            /boot/efi
├─sda2 ext4         a1b2c3d4-e5f6-7890-abcd-ef1234567890 /boot
└─sda3 ext4         f1e2d3c4-b5a6-9078-1234-567890abcdef /
```

**显示更多磁盘信息**：
```bash
lsblk -o NAME,SIZE,TYPE,FSTYPE,MOUNTPOINT,UUID
```

**只显示磁盘（不显示分区）**：
```bash
lsblk -d
```

**显示指定设备**：
```bash
lsblk /dev/sda
lsblk /dev/nvme0n1
```

### 2.5 实际使用技巧


> 💡 **快速查看磁盘使用情况**

```bash
# 查看所有磁盘的文件系统和挂载情况
lsblk -f

# 查看磁盘大小和剩余空间（结合df命令）
lsblk && df -h
```

> 🔍 **识别新插入的设备**

```bash
# 插入U盘前后对比
lsblk > before.txt    # 插入前保存
# 插入U盘
lsblk > after.txt     # 插入后保存
diff before.txt after.txt  # 对比差异
```

---

## 3. 💿 fdisk命令磁盘列表查看


### 3.1 fdisk命令是什么


`fdisk`是Linux系统中的磁盘**分区工具**，同时也是强大的**磁盘信息查看**工具。想象它是一个"磁盘管理员"，既能告诉你磁盘的详细信息，也能对磁盘进行分区操作。

**核心功能**：
- 查看磁盘详细信息（大小、分区表类型等）
- 列出所有磁盘和分区
- 显示分区的起始扇区、大小等技术细节

> ⚠️ **安全提醒**：fdisk不仅能查看，还能修改分区！使用时要小心，避免误操作。

### 3.2 查看磁盘列表


**查看所有磁盘**：
```bash
sudo fdisk -l
```

**典型输出示例**：
```
Disk /dev/sda: 500 GiB, 537066618880 bytes, 1048545280 sectors
Disk model: Samsung SSD 850
Units: sectors of 1 * 512 = 512 bytes
Sector size (logical/physical): 512 bytes / 512 bytes
I/O size (minimum/optimal): 512 bytes / 512 bytes
Disklabel type: gpt
Disk identifier: 12345678-1234-1234-1234-123456789abc

Device     Start       End   Sectors  Size Type
/dev/sda1   2048    411647    409600  200M EFI System
/dev/sda2 411648   2508799   2097152    1G Linux filesystem
/dev/sda3 2508800 1048545279 1046036480 498.8G Linux filesystem

Disk /dev/nvme0n1: 1 TiB, 1073741824000 bytes, 2097152000 sectors
Disk model: WD_BLACK SN750                       
Units: sectors of 1 * 512 = 512 bytes
Sector size (logical/physical): 512 bytes / 512 bytes
I/O size (minimum/optimal): 512 bytes / 512 bytes
Disklabel type: gpt
Disk identifier: abcdef12-3456-7890-abcd-ef1234567890
```

### 3.3 输出信息详解


**磁盘基本信息**：
```
Disk /dev/sda: 500 GiB, 537066618880 bytes, 1048545280 sectors
↓            ↓      ↓           ↓              ↓
设备路径     容量    字节数      扇区数          扇区总数

Disk model: Samsung SSD 850  ← 磁盘型号
Sector size (logical/physical): 512 bytes / 512 bytes  ← 扇区大小
Disklabel type: gpt  ← 分区表类型（gpt或dos）
```

**分区信息表**：

| 字段 | 含义 | 示例 |
|------|------|------|
| **Device** | 分区设备名 | `/dev/sda1` |
| **Start** | 起始扇区号 | `2048` |
| **End** | 结束扇区号 | `411647` |
| **Sectors** | 扇区数量 | `409600` |
| **Size** | 分区大小 | `200M` |
| **Type** | 分区类型 | `EFI System` |

### 3.4 查看指定磁盘


**查看单个磁盘**：
```bash
sudo fdisk -l /dev/sda
sudo fdisk -l /dev/nvme0n1
```

**不显示分区，只显示磁盘**：
```bash
sudo fdisk -l | grep "^Disk /dev"
```

输出示例：
```
Disk /dev/sda: 500 GiB, 537066618880 bytes, 1048545280 sectors
Disk /dev/nvme0n1: 1 TiB, 1073741824000 bytes, 2097152000 sectors
```

### 3.5 分区表类型识别


**MBR（DOS）分区表**：
```
Disklabel type: dos
- 最多支持4个主分区
- 单个分区最大2TB
- 兼容性好，老系统支持
```

**GPT分区表**：
```
Disklabel type: gpt
- 支持128个分区
- 单个分区可达18EB
- 现代系统推荐使用
```

### 3.6 实用查看技巧


> 🔍 **快速查看磁盘概况**

```bash
# 只显示磁盘基本信息（不显示分区详细）
sudo fdisk -l | grep -E "^Disk /dev|^Disk model"
```

> 📊 **统计磁盘数量**

```bash
# 统计有多少个磁盘
sudo fdisk -l | grep "^Disk /dev" | wc -l
```

---

## 4. 🏷️ 磁盘UUID与LABEL标识


### 4.1 什么是UUID和LABEL


想象你有几个外观相似的移动硬盘，如果只靠外观（设备名如sda、sdb）来区分，很容易搞混。**UUID和LABEL就像是给每个磁盘/分区贴上独一无二的标签**，让你永远不会认错。

**UUID**（Universally Unique Identifier）：
- **全宇宙唯一标识符**，每个分区都有独特的UUID
- 即使设备名变化，UUID永远不变
- 格式：`a1b2c3d4-e5f6-7890-1234-567890abcdef`

**LABEL**：
- **人性化的磁盘标签**，可以自己起名字
- 比如"系统盘"、"数据盘"、"备份盘"
- 比UUID更容易记忆和理解

### 4.2 为什么需要UUID和LABEL


> ⚠️ **设备名不可靠的原因**

```
场景1：添加新硬盘
原来：/dev/sda (系统盘)
添加硬盘后：/dev/sda (新硬盘), /dev/sdb (原系统盘)
结果：系统盘设备名发生变化！

场景2：硬盘故障
原来：sda、sdb、sdc 三个硬盘
sdb故障移除后：sda、sdc → sda、sdb
结果：sdc变成了sdb！

使用UUID的好处：
✅ 无论硬件如何变化，UUID始终指向同一个分区
✅ 系统启动、自动挂载不会出错
✅ 脚本和配置文件更可靠
```

### 4.3 查看UUID和LABEL的方法


**方法1：使用blkid命令**
```bash
sudo blkid
```

典型输出：
```
/dev/sda1: LABEL="EFI" UUID="1234-ABCD" TYPE="vfat" PARTLABEL="EFI System Partition"
/dev/sda2: LABEL="BOOT" UUID="a1b2c3d4-e5f6-7890-1234-567890abcdef" TYPE="ext4" 
/dev/sda3: LABEL="ROOT" UUID="f1e2d3c4-b5a6-9078-1234-567890abcdef" TYPE="ext4"
/dev/nvme0n1p1: LABEL="DATA" UUID="12345678-90ab-cdef-1234-567890abcdef" TYPE="ext4"
```

**方法2：使用lsblk -f**
```bash
lsblk -f
```

**方法3：查看指定设备**
```bash
sudo blkid /dev/sda1
sudo blkid /dev/nvme0n1p1
```

### 4.4 UUID和LABEL字段解释


| 字段 | 含义 | 示例值 | 说明 |
|------|------|--------|------|
| **LABEL** | 分区标签 | `"ROOT"` | 人工设置的名称 |
| **UUID** | 唯一标识符 | `a1b2...` | 系统生成的唯一ID |
| **TYPE** | 文件系统类型 | `ext4` | 分区的文件系统 |
| **PARTLABEL** | GPT分区标签 | `"EFI System"` | GPT分区表中的标签 |

### 4.5 设置和修改LABEL


**设置ext4分区的LABEL**：
```bash
# 设置标签
sudo e2label /dev/sda3 "SYSTEM"

# 查看标签
sudo e2label /dev/sda3
```

**设置FAT32分区的LABEL**：
```bash
# 设置FAT32标签
sudo fatlabel /dev/sda1 "BOOT"

# 查看FAT32标签  
sudo fatlabel /dev/sda1
```

**设置NTFS分区的LABEL**：
```bash
# 设置NTFS标签
sudo ntfslabel /dev/sda4 "WINDOWS"
```

### 4.6 在配置中使用UUID和LABEL


**在/etc/fstab中使用UUID**：
```bash
# 编辑挂载配置文件
sudo nano /etc/fstab

# 使用UUID代替设备名
UUID=a1b2c3d4-e5f6-7890-1234-567890abcdef /home ext4 defaults 0 2
LABEL=DATA /data ext4 defaults 0 2

# 而不是使用不可靠的设备名
# /dev/sda3 /home ext4 defaults 0 2  ← 不推荐
```

**手动挂载时使用UUID**：
```bash
# 使用UUID挂载
sudo mount UUID=a1b2c3d4-e5f6-7890-1234-567890abcdef /mnt/data

# 使用LABEL挂载
sudo mount LABEL=DATA /mnt/data
```

### 4.7 实用技巧


> 💡 **快速查找特定分区的UUID**

```bash
# 查找根分区的UUID
blkid | grep -E "(LABEL=\"ROOT\"|/boot|/)"

# 查找指定文件系统类型
blkid -t TYPE=ext4
```

> 🔍 **验证UUID的唯一性**

```bash
# 检查是否有重复的UUID（正常情况下不应该有）
sudo blkid | cut -d'"' -f2 | sort | uniq -d
```

---

## 5. 📜 dmesg查看磁盘检测信息


### 5.1 dmesg命令是什么


`dmesg`就像是Linux系统的"日记本"，记录了系统启动后内核的所有活动。当你想知道"磁盘是什么时候被发现的"、"硬件检测过程是否正常"时，dmesg就是最好的信息来源。

**核心概念**：
- **内核日志**：记录系统底层硬件操作
- **实时记录**：包括设备插拔、错误信息等
- **时间戳**：每条记录都有时间标记

**dmesg = diagnostic message（诊断消息）**

### 5.2 查看磁盘相关的dmesg信息


**查看所有磁盘检测信息**：
```bash
dmesg | grep -i disk
```

**查看SCSI/SATA设备信息**：
```bash
dmesg | grep -i scsi
dmesg | grep -i ata
```

**查看NVMe设备信息**：
```bash
dmesg | grep -i nvme
```

### 5.3 典型的磁盘检测信息


**SATA硬盘检测过程**：
```
[    2.156789] ata1: SATA max UDMA/133 abar m2048@0xfebf1000 port 0xfebf1100 irq 25
[    2.156790] ata2: SATA max UDMA/133 abar m2048@0xfebf1000 port 0xfebf1180 irq 25
[    2.470123] ata1: SATA link up 6.0 Gbps (SStatus 133 SControl 300)
[    2.471456] ata1.00: ATA-8: Samsung SSD 850 EVO 500GB, EMT02B6Q, max UDMA/133
[    2.471789] ata1.00: 976773168 sectors, multi 1: LBA48 NCQ (depth 31/32)
[    2.472345] ata1.00: configured for UDMA/133
[    2.472678] scsi 0:0:0:0: Direct-Access     ATA      Samsung SSD 850  EMT0 PQ: 0 ANSI: 5
[    2.473012] sd 0:0:0:0: [sda] 976773168 512-byte logical blocks: (500 GB/465 GiB)
[    2.473234] sd 0:0:0:0: [sda] Write Protect is off
[    2.473456] sd 0:0:0:0: [sda] Write cache: enabled, read cache: enabled, doesn't support DPO or FUA
[    2.474123]  sda: sda1 sda2 sda3
[    2.474456] sd 0:0:0:0: [sda] Attached SCSI disk
```

**NVMe硬盘检测过程**：
```
[    2.123456] nvme nvme0: pci function 0000:02:00.0
[    2.234567] nvme 0000:02:00.0: enabling device (0000 -> 0002)
[    2.345678] nvme nvme0: allocated 64 MiB host memory buffer.
[    2.456789] nvme nvme0: 8/0/0 default/read/poll queues
[    2.567890] nvme nvme0: Ignoring bogus Namespace Identifiers
[    2.678901]  nvme0n1: p1
[    2.789012] nvme nvme0: controller 0 opal initialized.
```

### 5.4 dmesg信息字段解读


**时间戳格式**：
```
[    2.156789] ← 系统启动后的秒数
```

**关键信息解读**：

| 信息内容 | 含义 |
|---------|------|
| `SATA link up 6.0 Gbps` | SATA接口连接成功，速度6Gbps |
| `Samsung SSD 850 EVO 500GB` | 磁盘品牌和型号 |
| `976773168 sectors` | 磁盘总扇区数 |
| `500 GB/465 GiB` | 磁盘容量（十进制/二进制） |
| `[sda] Attached SCSI disk` | 设备被识别为/dev/sda |
| `sda: sda1 sda2 sda3` | 发现的分区列表 |

### 5.5 查看最新的磁盘活动


**查看最近的磁盘消息**：
```bash
# 查看最近10条磁盘相关消息
dmesg | grep -i disk | tail -10

# 实时监控新的内核消息
dmesg -w
```

**查看USB设备插入**：
```bash
# 插入U盘后查看
dmesg | grep -i usb | tail -5
```

典型USB设备插入信息：
```
[12345.678901] usb 1-2: new high-speed USB device number 3 using ehci-pci
[12345.789012] usb 1-2: New USB device found, idVendor=0951, idProduct=1666, bcdDevice= 1.10
[12345.890123] usb 1-2: New USB device strings: Mfr=1, Product=2, SerialNumber=3
[12345.901234] usb 1-2: Product: DataTraveler 3.0
[12346.012345] usb-storage 1-2:1.0: USB Mass Storage device detected
[12346.123456] scsi host6: usb-storage 1-2:1.0
[12347.234567] scsi 6:0:0:0: Direct-Access     Kingston DataTraveler 3.0 PMAP PQ: 0 ANSI: 6
[12347.345678] sd 6:0:0:0: [sdc] 30277632 512-byte logical blocks: (15.5 GB/14.4 GiB)
[12347.456789] sd 6:0:0:0: [sdc] Write Protect is off
[12347.567890]  sdc: sdc1
[12347.678901] sd 6:0:0:0: [sdc] Attached SCSI disk
```

### 5.6 诊断磁盘问题


**查看磁盘错误信息**：
```bash
# 查看磁盘错误
dmesg | grep -i -E "error|fail|timeout" | grep -i disk

# 查看I/O错误
dmesg | grep -i "i/o error"
```

**查看磁盘掉线信息**：
```bash
dmesg | grep -i "link down\|disconnect"
```

> 💡 **实用技巧**：当磁盘出现异常时，dmesg通常会显示相关错误信息，这是故障排除的第一步。

---

## 6. 🔧 smartctl磁盘健康状态检查


### 6.1 什么是SMART和smartctl


**SMART**（Self-Monitoring, Analysis and Reporting Technology）是硬盘的"体检报告"功能，就像人定期体检一样，硬盘也会自己监测健康状况并报告各种指标。

**smartctl**是读取和分析SMART信息的命令行工具，让你能看懂硬盘的"体检报告"。

**核心功能**：
- 检测硬盘是否即将故障
- 查看硬盘使用时间、温度等状态
- 进行硬盘健康测试
- 预防数据丢失

> 💡 **安装smartctl**：
> ```bash
> # Ubuntu/Debian
> sudo apt install smartmontools
> 
> # CentOS/RHEL
> sudo yum install smartmontools
> ```

### 6.2 基本健康状态检查


**检查SMART是否启用**：
```bash
sudo smartctl -i /dev/sda
```

**快速健康状态检查**：
```bash
sudo smartctl -H /dev/sda
```

输出示例：
```
smartctl 7.2 2020-12-30 r5155 [x86_64-linux-5.4.0] (local build)
Copyright (C) 2002-20, Bruce Allen, Christian Franke, www.smartmontools.org

=== START OF READ SMART DATA SECTION ===
SMART overall-health self-assessment test result: PASSED
```

**结果解读**：
- ✅ `PASSED`：硬盘健康状况良好
- ❌ `FAILED`：硬盘可能即将故障，需要备份数据！

### 6.3 查看详细SMART信息


**查看所有SMART属性**：
```bash
sudo smartctl -a /dev/sda
```

**重要SMART属性解读**：

| 属性ID | 属性名称 | 含义 | 关注点 |
|--------|----------|------|--------|
| **1** | Raw_Read_Error_Rate | 原始读取错误率 | 数值应该很低 |
| **5** | Reallocated_Sector_Ct | 重新分配扇区数 | **关键指标**，应该为0 |
| **9** | Power_On_Hours | 通电时间 | 硬盘使用时长 |
| **10** | Spin_Retry_Count | 启动重试次数 | 应该为0或很低 |
| **194** | Temperature_Celsius | 温度 | 一般不超过50°C |
| **196** | Reallocated_Event_Count | 重新分配事件计数 | **关键指标**，应该为0 |
| **197** | Current_Pending_Sector | 当前待处理扇区 | **危险信号**，应该为0 |
| **198** | Offline_Uncorrectable | 脱机不可纠正 | **危险信号**，应该为0 |

### 6.4 NVMe SSD的SMART检查


**NVMe设备的健康检查**：
```bash
sudo smartctl -H /dev/nvme0n1
sudo smartctl -a /dev/nvme0n1
```

**NVMe特有属性**：
```
Available Spare:                     100%     ← 备用块百分比
Available Spare Threshold:           10%      ← 备用块阈值
Percentage Used:                     5%       ← 寿命使用百分比
Data Units Read:                     50,123   ← 读取数据单元
Data Units Written:                  25,456   ← 写入数据单元
Power Cycles:                        1,234    ← 电源循环次数
Power On Hours:                      8,760    ← 通电小时数
```

### 6.5 进行硬盘自检


**短自检（2分钟内完成）**：
```bash
sudo smartctl -t short /dev/sda
```

**长自检（可能需要几小时）**：
```bash
sudo smartctl -t long /dev/sda
```

**查看自检结果**：
```bash
sudo smartctl -l selftest /dev/sda
```

典型自检结果：
```
SMART Self-test log structure revision number 1
Num  Test_Description    Status                  Remaining  LifeTime(hours)  LBA_of_first_error
# 1  Short offline       Completed without error       00%      8760         -
# 2  Extended offline    Completed without error       00%      8500         -
```

### 6.6 监控硬盘温度


**查看当前温度**：
```bash
sudo smartctl -A /dev/sda | grep -i temp
```

**持续监控温度**：
```bash
watch "sudo smartctl -A /dev/sda | grep Temperature"
```

> ⚠️ **温度警告**：
> - **正常温度**：< 45°C
> - **注意温度**：45°C - 55°C
> - **危险温度**：> 55°C（需要改善散热）

### 6.7 实用监控脚本


**简单的硬盘健康检查脚本**：
```bash
#!/bin/bash
# 检查所有硬盘健康状态

echo "=== 硬盘健康状态检查 ==="
for disk in /dev/sd* /dev/nvme*n1; do
    if [ -b "$disk" ] && [[ ! "$disk" =~ [0-9]$ ]]; then
        echo "检查: $disk"
        health=$(sudo smartctl -H "$disk" 2>/dev/null | grep -i "overall-health" | cut -d: -f2 | tr -d ' ')
        echo "状态: $health"
        echo "---"
    fi
done
```

> 💡 **预防建议**：
> 1. 定期运行 `smartctl -H` 检查硬盘健康
> 2. 关注重新分配扇区数（ID 5）的变化
> 3. 监控硬盘温度，保持良好散热
> 4. 发现异常立即备份重要数据

---

## 7. 🔌 磁盘接口类型识别方法


### 7.1 磁盘接口类型概述


磁盘接口就像是硬盘与主板之间的"通信语言"，不同接口有不同的性能特点。了解接口类型有助于：
- 评估磁盘性能潜力
- 选择合适的硬盘升级方案
- 排查性能瓶颈问题

**主要接口类型**：
- **SATA**：最常见的机械硬盘和SATA SSD接口
- **NVMe**：高速SSD专用接口
- **IDE/PATA**：老式接口（现在很少见）
- **USB**：外接移动存储设备
- **SAS**：企业级服务器硬盘

### 7.2 通过设备名识别接口类型


**设备命名规律**：
```
接口类型识别：
/dev/sda*     ← SATA、SAS、USB设备
/dev/nvme*    ← NVMe接口SSD
/dev/hda*     ← IDE/PATA接口（老式）
/dev/vda*     ← 虚拟化环境的虚拟磁盘
```

**快速查看所有磁盘类型**：
```bash
lsblk -d -o NAME,TRAN,SIZE
```

输出示例：
```
NAME    TRAN   SIZE
sda     sata   500G    ← SATA接口
sdb     usb     16G    ← USB接口
nvme0n1 nvme    1T     ← NVMe接口
```

### 7.3 使用lspci识别存储控制器


**查看所有存储控制器**：
```bash
lspci | grep -i storage
lspci | grep -i sata
lspci | grep -i nvme
```

典型输出：
```
00:17.0 SATA controller: Intel Corporation Cannon Lake PCH SATA AHCI Controller
01:00.0 Non-Volatile memory controller: Western Digital Device 2ba2
```

**详细控制器信息**：
```bash
# 查看SATA控制器详细信息
lspci -v | grep -A 10 -i sata

# 查看NVMe控制器详细信息  
lspci -v | grep -A 10 -i nvme
```

### 7.4 通过smartctl识别接口和协议


**查看磁盘接口信息**：
```bash
sudo smartctl -i /dev/sda
```

**SATA硬盘的smartctl输出**：
```
Device Model:     Samsung SSD 850 EVO 500GB
Serial Number:    S21NNSAF123456L
LU WWN Device Id: 5 002538 da000beef
Firmware Version: EMT02B6Q
User Capacity:    500,107,862,016 bytes [500 GB]
Sector Size:      512 bytes logical/physical
Rotation Rate:    Solid State Device
Form Factor:      2.5 inches
Device is:        Not in smartctl database [for details use: -P showall]
ATA Version is:   ACS-2, ATA8-ACS T13/1699-D revision 4c
SATA Version is:  SATA 3.1, 6.0 Gb/s (current: 6.0 Gb/s)  ← SATA 3.1接口
```

**NVMe SSD的smartctl输出**：
```
Model Number:                       WD_BLACK SN750 1TB
Serial Number:                      123456789ABC
Firmware Version:                   111110WD
PCI Vendor/Subsystem ID:            0x15b7
IEEE OUI Identifier:                0x001b44
Controller ID:                      8217
NVMe Version:                       1.3     ← NVMe协议版本
Number of Namespaces:               1
Namespace 1 Size/Capacity:          1,000,204,886,016 [1.00 TB]
```

### 7.5 接口性能对比


| 接口类型 | 理论带宽 | 实际性能 | 适用场景 |
|---------|---------|---------|---------|
| **SATA 1.0** | 1.5 Gb/s | ~150 MB/s | 老式硬盘 |
| **SATA 2.0** | 3.0 Gb/s | ~300 MB/s | 普通硬盘 |
| **SATA 3.0** | 6.0 Gb/s | ~600 MB/s | SATA SSD |
| **NVMe PCIe 3.0 x4** | 32 Gb/s | ~3500 MB/s | 高速SSD |
| **NVMe PCIe 4.0 x4** | 64 Gb/s | ~7000 MB/s | 顶级SSD |
| **USB 2.0** | 480 Mb/s | ~60 MB/s | 移动设备 |
| **USB 3.0** | 5 Gb/s | ~500 MB/s | 高速U盘 |

### 7.6 识别磁盘物理连接方式


**查看磁盘连接信息**：
```bash
# 查看磁盘连接拓扑
lsblk -S

# 查看详细传输信息
lsblk -o NAME,TRAN,SUBSYSTEMS,VENDOR,MODEL
```

输出示例：
```
NAME    TRAN SUBSYSTEMS           VENDOR   MODEL
sda     sata scsi:ata:pci         ATA      Samsung_SSD_850
sdb     usb  scsi:usb:pci         Kingston DataTraveler_3.0
nvme0n1 nvme pci                  WD       WD_BLACK_SN750
```

### 7.7 实际应用场景


> 🎯 **性能评估场景**

```bash
# 识别系统中的存储设备类型和性能潜力
echo "=== 存储设备性能分析 ==="
lsblk -d -o NAME,SIZE,TRAN,MODEL | while read line; do
    echo "$line"
    device=$(echo $line | awk '{print $1}')
    if [[ $device == nvme* ]]; then
        echo "  → 高性能NVMe SSD，适合系统盘和高频读写"
    elif [[ $device == sd* ]]; then
        tran=$(echo $line | awk '{print $3}')
        if [[ $tran == "sata" ]]; then
            echo "  → SATA设备，适合存储盘"
        elif [[ $tran == "usb" ]]; then
            echo "  → USB设备，便携存储"
        fi
    fi
    echo ""
done
```

> 💡 **升级建议**

**根据接口类型给出建议**：
- **只有SATA接口**：可升级为SATA SSD提升性能
- **有NVMe插槽**：优先选择NVMe SSD作为系统盘
- **USB 2.0设备慢**：考虑升级为USB 3.0+设备

---

## 8. 📋 核心要点总结


### 8.1 必须掌握的核心概念


```
🔸 设备命名规律：/dev/sdX (SATA/SCSI) vs /dev/nvmeXnY (NVMe)
🔸 查看工具组合：lsblk看结构 + fdisk看详情 + blkid看标识
🔸 UUID重要性：设备名会变，UUID永不变，配置文件必用
🔸 SMART监控：定期检查硬盘健康，预防数据丢失
🔸 接口识别：通过命名、lspci、smartctl综合判断
🔸 dmesg诊断：硬件问题排查的第一步
```

### 8.2 实用命令速查


| 需求 | 推荐命令 | 说明 |
|------|---------|------|
| **快速查看磁盘** | `lsblk` | 树状显示磁盘分区结构 |
| **详细磁盘信息** | `sudo fdisk -l` | 查看分区表和详细信息 |
| **查看UUID** | `sudo blkid` | 获取分区唯一标识 |
| **检查磁盘健康** | `sudo smartctl -H /dev/sda` | SMART健康状态 |
| **诊断硬件问题** | `dmesg \| grep -i disk` | 查看内核检测日志 |
| **识别接口类型** | `lsblk -d -o NAME,TRAN` | 查看传输接口 |

### 8.3 最佳实践建议


> ✅ **日常使用建议**

```
1. 配置文件使用UUID而不是设备名：
   - /etc/fstab 中使用 UUID=xxx
   - 启动脚本中使用 UUID 或 LABEL

2. 定期健康检查：
   - 每月运行 smartctl -H 检查所有硬盘
   - 关注重新分配扇区数的变化
   - 监控硬盘温度

3. 新硬盘安装流程：
   - dmesg 确认检测成功
   - lsblk 查看设备名
   - fdisk -l 查看详细信息
   - smartctl -H 检查健康状态
```

> ⚠️ **常见错误避免**

```
❌ 在脚本中硬编码设备名（/dev/sda）
✅ 使用UUID或LABEL识别设备

❌ 忽略SMART警告信息
✅ 定期检查并及时备份数据

❌ 不关注磁盘温度
✅ 保持良好散热，监控温度变化
```

### 8.4 故障排查思路


```
磁盘识别问题排查步骤：

1️⃣ 基础检查：
   lsblk → 是否能看到设备？
   
2️⃣ 硬件检查：
   dmesg | grep -i disk → 内核是否检测到？
   
3️⃣ 健康检查：
   smartctl -H /dev/xxx → 硬盘是否健康？
   
4️⃣ 接口检查：
   lspci | grep storage → 控制器是否正常？
   
5️⃣ 权限检查：
   ls -la /dev/xxx → 是否有访问权限？
```

**核心记忆口诀**：
- 设备命名有规律，sdX和nvme要分清
- UUID标识最可靠，配置文件必须用  
- lsblk查看快又准，fdisk详情更丰富
- SMART健康要常看，dmesg诊断第一步